../Core/Src/main.c:85:5:main	8	static
../Core/Src/main.c:142:6:SystemClock_Config	88	static
../Core/Src/main.c:187:6:PeriphCommonClock_Config	32	static
../Core/Src/main.c:207:13:MX_ADC1_Init	24	static
../Core/Src/main.c:259:13:MX_I2C1_Init	8	static
../Core/Src/main.c:293:13:MX_I2S2_Init	8	static
../Core/Src/main.c:327:13:MX_I2S3_Init	8	static
../Core/Src/main.c:361:13:MX_SPI1_Init	8	static
../Core/Src/main.c:399:13:MX_TIM1_Init	32	static
../Core/Src/main.c:445:13:MX_GPIO_Init	56	static
../Core/Src/main.c:517:6:HAL_ADC_ConvCpltCallback	16	static
../Core/Src/main.c:533:6:Error_Handler	4	static,ignoring_inline_asm
