../Core/Src/main.c:85:5:main	8	static
../Core/Src/main.c:144:6:SystemClock_Config	88	static
../Core/Src/main.c:189:6:PeriphCommonClock_Config	32	static
../Core/Src/main.c:209:13:MX_ADC1_Init	24	static
../Core/Src/main.c:261:13:MX_I2C1_Init	8	static
../Core/Src/main.c:295:13:MX_I2S2_Init	8	static
../Core/Src/main.c:329:13:MX_I2S3_Init	8	static
../Core/Src/main.c:363:13:MX_SPI1_Init	8	static
../Core/Src/main.c:401:13:MX_TIM2_Init	32	static
../Core/Src/main.c:446:13:MX_GPIO_Init	56	static
../Core/Src/main.c:518:6:HAL_ADC_ConvCpltCallback	16	static
../Core/Src/main.c:534:6:Error_Handler	4	static,ignoring_inline_asm
